// Jest Snapshot v1, https://goo.gl/fbAQLP

exports[`Tests in the <AddCategory /> component should display correctly 1`] = `
<form
  onSubmit={[Function]}
>
   
  <p>
     
     
  </p>
  <input
    onChange={[Function]}
    type="text"
    value=""
  />
   
</form>
`;
