// Jest Snapshot v1, https://goo.gl/fbAQLP

exports[`Tests on <GifGridItem/> should display GifGridItem correctly 1`] = `
<div
  className="card animate__animated animate__fadeIn"
>
  <img
    alt="A title"
    src="https:localhost/example.jpg"
  />
  <p>
     
    A title
     
  </p>
</div>
`;
